[33mΓ¥»[39m Building...
[32mΓ£ö[39m Building...
[1mInitial chunk files[22m[2m | [22m[1mNames[22m                    [2m | [22m [1mRaw size[22m[2m | [22m[1mEstimated transfer size[22m
[32mscripts-2RSNYY7G.js[39m[2m | [22m[2mscripts[22m                  [2m | [22m[36m786.98 kB[39m[2m | [22m               [36m65.44 kB[39m
[32mchunk-Y35MTYLI.js[39m  [2m | [22m[2m-[22m                        [2m | [22m[36m497.12 kB[39m[2m | [22m               [36m87.90 kB[39m
[32mchunk-PJOZVRRF.js[39m  [2m | [22m[2m-[22m                        [2m | [22m[36m341.76 kB[39m[2m | [22m               [36m91.74 kB[39m
[32mchunk-U7QWFDIA.js[39m  [2m | [22m[2m-[22m                        [2m | [22m[36m219.69 kB[39m[2m | [22m               [36m66.02 kB[39m
[32mmain-ZLXWBYT2.js[39m   [2m | [22m[2mmain[22m                     [2m | [22m[36m182.87 kB[39m[2m | [22m               [36m41.37 kB[39m
[32mchunk-S5LUWJGR.js[39m  [2m | [22m[2m-[22m                        [2m | [22m[36m151.09 kB[39m[2m | [22m               [36m38.06 kB[39m
[32mstyles-OHRWQKWM.css[39m[2m | [22m[2mstyles[22m                   [2m | [22m[36m129.84 kB[39m[2m | [22m               [36m12.91 kB[39m
[32mchunk-QBVK6ZT3.js[39m  [2m | [22m[2m-[22m                        [2m | [22m [36m58.89 kB[39m[2m | [22m               [36m12.34 kB[39m
[32mchunk-MR6YTWBB.js[39m  [2m | [22m[2m-[22m                        [2m | [22m [36m54.79 kB[39m[2m | [22m               [36m11.80 kB[39m
[32mchunk-HFEL24DJ.js[39m  [2m | [22m[2m-[22m                        [2m | [22m  [36m8.88 kB[39m[2m | [22m                [36m2.10 kB[39m
[32mchunk-G5VVTOE2.js[39m  [2m | [22m[2m-[22m                        [2m | [22m  [36m4.95 kB[39m[2m | [22m                [36m1.71 kB[39m
[32mchunk-4FPLIUJN.js[39m  [2m | [22m[2m-[22m                        [2m | [22m  [36m4.93 kB[39m[2m | [22m                [36m1.37 kB[39m
[32mchunk-ONDUIOU4.js[39m  [2m | [22m[2m-[22m                        [2m | [22m  [36m1.90 kB[39m[2m | [22m              [36m768 bytes[39m
[32mchunk-IGSSLEIX.js[39m  [2m | [22m[2m-[22m                        [2m | [22m  [36m1.85 kB[39m[2m | [22m              [36m710 bytes[39m
[32mchunk-NMOORI47.js[39m  [2m | [22m[2m-[22m                        [2m | [22m  [36m1.21 kB[39m[2m | [22m              [36m512 bytes[39m
[32mchunk-NSQ6OZHR.js[39m  [2m | [22m[2m-[22m                        [2m | [22m[36m626 bytes[39m[2m | [22m              [36m626 bytes[39m
[32mchunk-W7VLTWTW.js[39m  [2m | [22m[2m-[22m                        [2m | [22m[36m511 bytes[39m[2m | [22m              [36m511 bytes[39m

[1m [22m                  [2m | [22m[1mInitial total[22m            [2m | [22m  [1m[93m2.45 MB[39m[22m[2m | [22m              [1m435.89 kB[22m

[1mLazy chunk files[22m   [2m | [22m[1mNames[22m                    [2m | [22m [1mRaw size[22m[2m | [22m[1mEstimated transfer size[22m
[32mchunk-4L5GVSEZ.js[39m  [2m | [22m[2mmap-module[22m               [2m | [22m[36m766.38 kB[39m[2m | [22m               [36m62.11 kB[39m
[32mchunk-NBPBQBY3.js[39m  [2m | [22m[2madmin-module[22m             [2m | [22m[36m231.99 kB[39m[2m | [22m               [36m40.72 kB[39m
[32mchunk-J6UJF2YE.js[39m  [2m | [22m[2mdestination-module[22m       [2m | [22m [36m85.71 kB[39m[2m | [22m               [36m19.00 kB[39m
[32mchunk-X2F6Y5PB.js[39m  [2m | [22m[2mevent-module[22m             [2m | [22m [36m40.90 kB[39m[2m | [22m                [36m9.59 kB[39m
[32mchunk-T4YEAKGX.js[39m  [2m | [22m[2mauth-module[22m              [2m | [22m [36m27.75 kB[39m[2m | [22m                [36m6.13 kB[39m
[32mchunk-5H7JMKEU.js[39m  [2m | [22m[2msettings-module[22m          [2m | [22m [36m14.94 kB[39m[2m | [22m                [36m4.04 kB[39m
[32mchunk-NWQL5RMV.js[39m  [2m | [22m[2m-[22m                        [2m | [22m [36m14.35 kB[39m[2m | [22m                [36m4.43 kB[39m
[32mchunk-VLFJYYJE.js[39m  [2m | [22m[2mreset-password-component[22m [2m | [22m  [36m5.41 kB[39m[2m | [22m                [36m1.81 kB[39m
[32mchunk-4FYFQS2W.js[39m  [2m | [22m[2mforgot-password-component[22m[2m | [22m  [36m3.37 kB[39m[2m | [22m                [36m1.30 kB[39m
[32mchunk-EIYBIPPN.js[39m  [2m | [22m[2moauth2-redirect-component[22m[2m | [22m  [36m1.26 kB[39m[2m | [22m              [36m665 bytes[39m
[32mchunk-KBNZWSOS.js[39m  [2m | [22m[2m-[22m                        [2m | [22m  [36m1.18 kB[39m[2m | [22m              [36m591 bytes[39m
[32mchunk-YLKCCIZB.js[39m  [2m | [22m[2mitinerary-module[22m         [2m | [22m[36m294 bytes[39m[2m | [22m              [36m294 bytes[39m

Application bundle generation failed. [29.599 seconds] - 2026-03-22T11:20:18.408Z

node.exe : [1m[33m[33mΓû▓ [43;
33m[[43;30mWARNING[43;33m][0m 
[1mbundle initial exceeded 
maximum budget. Budget 2.00 MB 
was not met by 447.88 kB with a 
total of 2.45 MB.[0m
At C:\Users\mynam\AppData\Roaming\
npm\ng.ps1:24 char:5
+     & "node$exe"  "$basedir/node
_modules/@angular/cli/bin/ng.js" 
$arg ...
+     ~~~~~~~~~~~~~~~~~~~~~~~~~~~~
~~~~~~~~~~~~~~~~~~~~~~~~~~~~~~~~~~
~~~
    + CategoryInfo          : Not 
   Specified: ([1m[33m[33mΓ..  
  .of 2.45 MB.[0m:String) [],    
 RemoteException
    + FullyQualifiedErrorId : Nat 
   iveCommandError
 


[33mΓû▓ [43;33m[[43;30mWARNING
[43;33m][0m [1msrc/app/admin/das
hboard/dashboard.component.css 
exceeded maximum budget. Budget 
4.00 kB was not met by 98 bytes 
with a total of 4.10 kB.[0m


[33mΓû▓ [43;33m[[43;30mWARNING
[43;33m][0m [1msrc/app/user/prof
ile/profile.component.css 
exceeded maximum budget. Budget 
4.00 kB was not met by 1.79 kB 
with a total of 5.79 kB.[0m


[33mΓû▓ [43;33m[[43;30mWARNING
[43;33m][0m [1msrc/app/layout/he
ader/header.component.css 
exceeded maximum budget. Budget 
4.00 kB was not met by 3.08 kB 
with a total of 7.08 kB.[0m


[33mΓû▓ [43;33m[[43;30mWARNING
[43;33m][0m [1msrc/app/destinati
on/map/map.component.css exceeded 
maximum budget. Budget 4.00 kB 
was not met by 2.12 kB with a 
total of 6.12 kB.[0m


[33mΓû▓ [43;33m[[43;30mWARNING
[43;33m][0m [1msrc/app/destinati
on/detail/detail.component.css 
exceeded maximum budget. Budget 
4.00 kB was not met by 5.59 kB 
with a total of 9.59 kB.[0m


[33mΓû▓ [43;33m[[43;30mWARNING
[43;33m][0m [1msrc/app/event/det
ail/event-detail.component.css 
exceeded maximum budget. Budget 
4.00 kB was not met by 5.55 kB 
with a total of 9.55 kB.[0m


[33mΓû▓ [43;33m[[43;30mWARNING
[43;33m][0m [1mModule 'leaflet' 
used by 'src/app/destination/detai
l/detail.component.ts' is not 
ESM[0m

  CommonJS or AMD dependencies 
can cause optimization bailouts.
  For more information see: [4mht
tps://angular.dev/tools/cli/build#
configuring-commonjs-dependencies
[0m


[33mΓû▓ [43;33m[[43;30mWARNING
[43;33m][0m [1mModule 
'leaflet-routing-machine' used by 
'src/app/map/pages/global-map/glob
al-map.component.ts' is not 
ESM[0m

  CommonJS or AMD dependencies 
can cause optimization bailouts.
  For more information see: [4mht
tps://angular.dev/tools/cli/build#
configuring-commonjs-dependencies
[0m

[39m[22m
[1m[31m[31mX [41;31m[[41;97mE
RROR[41;31m][0m [1msrc/app/dest
ination/detail/detail.component.cs
s exceeded maximum budget. Budget 
8.00 kB was not met by 1.59 kB 
with a total of 9.59 kB.[0m


[31mX [41;31m[[41;97mERROR[41;
31m][0m [1msrc/app/event/detail/
event-detail.component.css 
exceeded maximum budget. Budget 
8.00 kB was not met by 1.55 kB 
with a total of 9.55 kB.[0m

[39m[22m
